---
source: tests/src/unit.rs
input_file: tests/fixtures/unit/code/if-while-else.typ
---
#if if true {} == while false {} {
  true
} else {}
