---
source: tests/src/unit.rs
input_file: tests/fixtures/unit/markup/reflow/linebreak.typ
---
/// typstyle: wrap_text

#[]a #[ ] b #[ ] bb c#[
]
d #[

]
e
#[


]
f

#[
  1

]

g
#[

  2


]

h

#[


  3 4

]
