---
source: tests/src/unit.rs
input_file: tests/fixtures/unit/markup/inline-block-raw.typ
---
#text(
  ``` test ```,
)
#text(
  ```test ```,
)
