---
source: tests/src/unit.rs
input_file: tests/fixtures/unit/func/func-call-last-arg.typ
---
#fun(
  aaaaaaaa,
  bbbbbbbbbb,
  () => { },
)

#fun(
  aaaaaaaa,
  bbbbbbbbbb,
  () => { },
)

#fun(
  aaaaaaaa,
  bbbbbbbbbb,
  () => {
    // something
  },
)

#fun(
  aaaaaaaa,
  bbbbbbbbbb,
  {
    // something
  },
)
