---
source: tests/src/unit.rs
input_file: tests/fixtures/unit/math/fn-comma.typ
---
$ sin(x) $
$ sin(x,) $
$ sin(x, , ,) $
$ sin(x, , ,) $
$ mat(1, ; , 1) $
$ mat(1, ; , ; , 1; 1) $
$ mat(; , ; , 1; 1, ,) $
$ mat(1, ; , ; , 1; 1) $
