---
source: tests/src/unit.rs
input_file: tests/fixtures/unit/math/multiline-inline-math.typ
---
$a + b
+d/e$
