---
source: tests/src/unit.rs
input_file: tests/fixtures/unit/markup/code-inside-content.typ
snapshot_kind: text
---
#[#{
    let something = 0
  }\
]
